upload start 2026-09-13T17:48:46Z
Starting upload for file seed47_C2_e5_net_G.pth

Upload successful: seed47_C2_e5_net_G.pth (208MB)
Starting upload for file seed47_C5_e5_net_G.pth

Upload successful: seed47_C5_e5_net_G.pth (208MB)
Starting upload for file seed45_C1_e5_net_G.pth

Upload successful: seed45_C1_e5_net_G.pth (208MB)
Starting upload for file seed46_C5_e2_net_G.pth

Upload successful: seed46_C5_e2_net_G.pth (208MB)
Starting upload for file seed46_C2_e2_net_G.pth

Upload successful: seed46_C2_e2_net_G.pth (208MB)
Starting upload for file seed46_C1_e1_net_G.pth

Upload successful: seed46_C1_e1_net_G.pth (208MB)
Starting upload for file seed49_C1_e1_net_G.pth

Upload successful: seed49_C1_e1_net_G.pth (208MB)
Starting upload for file seed49_C2_e2_net_G.pth

Upload successful: seed49_C2_e2_net_G.pth (208MB)
Starting upload for file seed45_C2_e10_net_G.pth

Upload successful: seed45_C2_e10_net_G.pth (208MB)
Starting upload for file seed49_C5_e2_net_G.pth

Upload successful: seed49_C5_e2_net_G.pth (208MB)
Starting upload for file seed46_C4_e10_net_G.pth

Upload successful: seed46_C4_e10_net_G.pth (208MB)
Starting upload for file seed48_C5_e5_net_G.pth

Upload successful: seed48_C5_e5_net_G.pth (208MB)
Starting upload for file seed48_C2_e5_net_G.pth

Upload successful: seed48_C2_e5_net_G.pth (208MB)
Starting upload for file seed50_C5_e2_net_G.pth

Upload successful: seed50_C5_e2_net_G.pth (208MB)
Starting upload for file seed50_C1_e1_net_G.pth

Upload successful: seed50_C1_e1_net_G.pth (208MB)
Starting upload for file seed50_C2_e2_net_G.pth

Upload successful: seed50_C2_e2_net_G.pth (208MB)
Starting upload for file seed45_C1_e10_net_G.pth

Upload successful: seed45_C1_e10_net_G.pth (208MB)
Starting upload for file seed46_C4_e2_net_G.pth

Upload successful: seed46_C4_e2_net_G.pth (208MB)
Starting upload for file seed47_C4_e5_net_G.pth

Upload successful: seed47_C4_e5_net_G.pth (208MB)
Starting upload for file seed45_C5_e10_net_G.pth

Upload successful: seed45_C5_e10_net_G.pth (208MB)
Starting upload for file seed48_C4_e5_net_G.pth

Upload successful: seed48_C4_e5_net_G.pth (208MB)
Starting upload for file seed50_C4_e2_net_G.pth

Upload successful: seed50_C4_e2_net_G.pth (208MB)
Starting upload for file seed49_C4_e2_net_G.pth

Upload successful: seed49_C4_e2_net_G.pth (208MB)
Starting upload for file seed49_C4_e10_net_G.pth

Upload successful: seed49_C4_e10_net_G.pth (208MB)
Starting upload for file seed45_C4_e1_net_G.pth

Upload successful: seed45_C4_e1_net_G.pth (208MB)
Starting upload for file seed50_C2_e10_net_G.pth

Upload successful: seed50_C2_e10_net_G.pth (208MB)
Starting upload for file seed47_C4_e2_net_G.pth

Upload successful: seed47_C4_e2_net_G.pth (208MB)
Starting upload for file seed46_C4_e5_net_G.pth

Upload successful: seed46_C4_e5_net_G.pth (208MB)
Starting upload for file seed49_C4_e5_net_G.pth

Upload successful: seed49_C4_e5_net_G.pth (208MB)
Starting upload for file seed50_C4_e5_net_G.pth

Upload successful: seed50_C4_e5_net_G.pth (208MB)
Starting upload for file seed47_C4_e10_net_G.pth

Upload successful: seed47_C4_e10_net_G.pth (208MB)
Starting upload for file seed48_C4_e2_net_G.pth

Upload successful: seed48_C4_e2_net_G.pth (208MB)
Starting upload for file seed46_C2_e5_net_G.pth

Upload successful: seed46_C2_e5_net_G.pth (208MB)
Starting upload for file seed46_C5_e5_net_G.pth

Upload successful: seed46_C5_e5_net_G.pth (208MB)
Starting upload for file seed45_C5_e1_net_G.pth

Upload successful: seed45_C5_e1_net_G.pth (208MB)
Starting upload for file seed45_C2_e1_net_G.pth

Upload successful: seed45_C2_e1_net_G.pth (208MB)
Starting upload for file seed45_C1_e2_net_G.pth

Upload successful: seed45_C1_e2_net_G.pth (208MB)
Starting upload for file seed47_C5_e2_net_G.pth

Upload successful: seed47_C5_e2_net_G.pth (208MB)
Starting upload for file seed47_C2_e2_net_G.pth

Upload successful: seed47_C2_e2_net_G.pth (208MB)
Starting upload for file seed47_C1_e1_net_G.pth

Upload successful: seed47_C1_e1_net_G.pth (208MB)
Starting upload for file seed50_C2_e5_net_G.pth

Upload successful: seed50_C2_e5_net_G.pth (208MB)
Starting upload for file seed50_C5_e5_net_G.pth

Upload successful: seed50_C5_e5_net_G.pth (208MB)
Starting upload for file seed48_C1_e1_net_G.pth

Upload successful: seed48_C1_e1_net_G.pth (208MB)
Starting upload for file seed48_C4_e10_net_G.pth

Upload successful: seed48_C4_e10_net_G.pth (208MB)
Starting upload for file seed48_C2_e2_net_G.pth

Upload successful: seed48_C2_e2_net_G.pth (208MB)
Starting upload for file seed48_C5_e2_net_G.pth

Upload successful: seed48_C5_e2_net_G.pth (208MB)
Starting upload for file seed50_C1_e10_net_G.pth

Upload successful: seed50_C1_e10_net_G.pth (208MB)
Starting upload for file seed50_C5_e10_net_G.pth

Upload successful: seed50_C5_e10_net_G.pth (208MB)
Starting upload for file seed49_C5_e5_net_G.pth

Upload successful: seed49_C5_e5_net_G.pth (208MB)
Starting upload for file seed49_C2_e5_net_G.pth

Upload successful: seed49_C2_e5_net_G.pth (208MB)
Starting upload for file seed47_C4_e1_net_G.pth

Upload successful: seed47_C4_e1_net_G.pth (208MB)
Starting upload for file seed47_C2_e10_net_G.pth

Upload successful: seed47_C2_e10_net_G.pth (208MB)
Starting upload for file seed45_C4_e2_net_G.pth

Upload successful: seed45_C4_e2_net_G.pth (208MB)
Starting upload for file seed48_C1_e10_net_G.pth

Upload successful: seed48_C1_e10_net_G.pth (208MB)
Starting upload for file seed48_C4_e1_net_G.pth

Upload successful: seed48_C4_e1_net_G.pth (208MB)
Starting upload for file seed50_C4_e10_net_G.pth

Upload successful: seed50_C4_e10_net_G.pth (208MB)
Starting upload for file seed48_C5_e10_net_G.pth

Upload successful: seed48_C5_e10_net_G.pth (208MB)
Starting upload for file seed47_C5_e1_net_G.pth

Upload successful: seed47_C5_e1_net_G.pth (208MB)
Starting upload for file seed47_C1_e2_net_G.pth

Upload successful: seed47_C1_e2_net_G.pth (208MB)
Starting upload for file seed48_C2_e10_net_G.pth

Upload successful: seed48_C2_e10_net_G.pth (208MB)
Starting upload for file seed47_C2_e1_net_G.pth

Upload successful: seed47_C2_e1_net_G.pth (208MB)
Starting upload for file seed45_C5_e2_net_G.pth

Upload successful: seed45_C5_e2_net_G.pth (208MB)
Starting upload for file seed45_C1_e1_net_G.pth

Upload successful: seed45_C1_e1_net_G.pth (208MB)
Starting upload for file seed45_C2_e2_net_G.pth

Upload successful: seed45_C2_e2_net_G.pth (208MB)
Starting upload for file seed46_C1_e5_net_G.pth

Upload successful: seed46_C1_e5_net_G.pth (208MB)
Starting upload for file seed49_C1_e5_net_G.pth

Upload successful: seed49_C1_e5_net_G.pth (208MB)
Starting upload for file seed47_C5_e10_net_G.pth

Upload successful: seed47_C5_e10_net_G.pth (208MB)
Starting upload for file seed48_C2_e1_net_G.pth

Upload successful: seed48_C2_e1_net_G.pth (208MB)
Starting upload for file seed48_C1_e2_net_G.pth

Upload successful: seed48_C1_e2_net_G.pth (208MB)
Starting upload for file seed48_C5_e1_net_G.pth

Upload successful: seed48_C5_e1_net_G.pth (208MB)
Starting upload for file seed50_C1_e5_net_G.pth

Upload successful: seed50_C1_e5_net_G.pth (208MB)
Starting upload for file seed47_C1_e10_net_G.pth

Upload successful: seed47_C1_e10_net_G.pth (208MB)
Starting upload for file seed46_C2_e10_net_G.pth

Upload successful: seed46_C2_e10_net_G.pth (208MB)
Starting upload for file seed46_C5_e1_net_G.pth

Upload successful: seed46_C5_e1_net_G.pth (208MB)
Starting upload for file seed46_C1_e2_net_G.pth

Upload successful: seed46_C1_e2_net_G.pth (208MB)
Starting upload for file seed45_C4_e10_net_G.pth

Upload successful: seed45_C4_e10_net_G.pth (208MB)
Starting upload for file seed46_C2_e1_net_G.pth

Upload successful: seed46_C2_e1_net_G.pth (208MB)
Starting upload for file seed45_C2_e5_net_G.pth

Upload successful: seed45_C2_e5_net_G.pth (208MB)
Starting upload for file seed45_C5_e5_net_G.pth

Upload successful: seed45_C5_e5_net_G.pth (208MB)
Starting upload for file seed47_C1_e5_net_G.pth

Upload successful: seed47_C1_e5_net_G.pth (208MB)
Starting upload for file seed50_C5_e1_net_G.pth

Upload successful: seed50_C5_e1_net_G.pth (208MB)
Starting upload for file seed50_C2_e1_net_G.pth

Upload successful: seed50_C2_e1_net_G.pth (208MB)
Starting upload for file seed50_C1_e2_net_G.pth

Upload successful: seed50_C1_e2_net_G.pth (208MB)
Starting upload for file seed49_C5_e10_net_G.pth

Upload successful: seed49_C5_e10_net_G.pth (208MB)
Starting upload for file seed48_C1_e5_net_G.pth

Upload successful: seed48_C1_e5_net_G.pth (208MB)
Starting upload for file seed49_C2_e1_net_G.pth

Upload successful: seed49_C2_e1_net_G.pth (208MB)
Starting upload for file seed49_C1_e2_net_G.pth

Upload successful: seed49_C1_e2_net_G.pth (208MB)
Starting upload for file seed49_C5_e1_net_G.pth

Upload successful: seed49_C5_e1_net_G.pth (208MB)
Starting upload for file seed49_C1_e10_net_G.pth

Upload successful: seed49_C1_e10_net_G.pth (208MB)
Starting upload for file seed45_C4_e5_net_G.pth

Upload successful: seed45_C4_e5_net_G.pth (208MB)
Starting upload for file seed49_C2_e10_net_G.pth

Upload successful: seed49_C2_e10_net_G.pth (208MB)
Starting upload for file seed46_C4_e1_net_G.pth

Upload successful: seed46_C4_e1_net_G.pth (208MB)
Starting upload for file seed46_C1_e10_net_G.pth

Upload successful: seed46_C1_e10_net_G.pth (208MB)
Starting upload for file seed49_C4_e1_net_G.pth

Upload successful: seed49_C4_e1_net_G.pth (208MB)
Starting upload for file checkpoints_modal_MANIFEST.md

Upload successful: checkpoints_modal_MANIFEST.md (10KB)
Starting upload for file seed46_C5_e10_net_G.pth

Upload successful: seed46_C5_e10_net_G.pth (208MB)
Starting upload for file seed50_C4_e1_net_G.pth

Upload successful: seed50_C4_e1_net_G.pth (208MB)
Your private Dataset is being created. Please check progress at https://www.kaggle.com/datasets/vedatyildirim/gencp-evidence-backup-3
create rc=0
upload end 2026-09-13T18:19:24Z
